 - Services -------------------------------------------------------------
| ID |               Name |      Type |           Frontend | Backend IDs |
|----+--------------------+-----------+--------------------+-------------
|  0 | default/kubernetes | ClusterIP | 10.96.0.1:443/NONE |           0 |
 ------------------------------------------------------------------------

 - Backends ------------------------------------------
| ID |            L3n4Addr |  State | Linked Services |
|----+---------------------+--------+-----------------
|  0 | 172.19.0.2:6443/TCP | active |               0 |
 -----------------------------------------------------

